// Jest Snapshot v1, https://goo.gl/fbAQLP

exports[`components IIcon should render correctly 1`] = `
"<svg class=\\"inkline-icon\\" version=\\"1.1\\" xmlns=\\"http://www.w3.org/2000/svg\\" width=\\"28\\" height=\\"28\\" viewBox=\\"0 0 28 28\\" fill=\\"currentColor\\">
  <title>check</title>
  <path d=\\"M23.625 3.5l-13.125 13.125-6.125-6.125-4.375 4.375 10.5 10.5 17.5-17.5z\\"></path>
</svg>"
`;
